[2026-05-21 20:54:38] ###### run_until20_parallel.sh start
[2026-05-21 20:54:38]       REPO=/root/SQIsign-Fixed-Precision BUILD=/root/compact-SQIsign/build OUT=/root/sqisign-fp-bench/results_compare/ours/lvl3
[2026-05-21 20:54:38]       LEVELS=lvl3  PHASES=keypair sign verify  PARALLEL=4
[2026-05-21 20:54:38]       VALID_TARGET=20  HARD_ATTEMPT_CAP=300
[2026-05-21 20:54:38]       timeouts: lvl1=350s lvl3=1300s lvl5=2600s
[2026-05-21 20:54:38] === lvl3 / keypair start (parallel N=4): target=20, hard_cap=300, per-iter timeout=1300s
[2026-05-21 20:55:27]   lvl3 / keypair iter=4 core=2 dur=49s exit=0 retries=? wall=49.006482s  (valid=1/20)
[2026-05-21 20:55:51]   lvl3 / keypair iter=2 core=0 dur=72s exit=0 retries=? wall=72.360068s  (valid=2/20)
[2026-05-21 20:56:19]   lvl3 / keypair iter=1 core=1 dur=101s exit=0 retries=? wall=100.793910s  (valid=3/20)
[2026-05-21 20:56:21]   lvl3 / keypair iter=3 core=3 dur=103s exit=0 retries=? wall=102.870714s  (valid=4/20)
[2026-05-21 20:56:44]   lvl3 / keypair iter=7 core=1 dur=25s exit=0 retries=? wall=25.517268s  (valid=5/20)
[2026-05-21 20:56:56]   lvl3 / keypair iter=6 core=0 dur=65s exit=0 retries=? wall=65.798507s  (valid=6/20)
[2026-05-21 20:57:03]   lvl3 / keypair iter=5 core=2 dur=96s exit=0 retries=? wall=95.875432s  (valid=7/20)
[2026-05-21 20:57:30]   lvl3 / keypair iter=9 core=1 dur=46s exit=0 retries=? wall=45.263735s  (valid=8/20)
[2026-05-21 20:57:33]   lvl3 / keypair iter=11 core=2 dur=30s exit=0 retries=? wall=29.736060s  (valid=9/20)
[2026-05-21 20:57:36]   lvl3 / keypair iter=8 core=3 dur=75s exit=0 retries=? wall=75.134131s  (valid=10/20)
[2026-05-21 20:58:08]   lvl3 / keypair iter=12 core=1 dur=38s exit=0 retries=? wall=38.012862s  (valid=11/20)
[2026-05-21 20:58:32]   lvl3 / keypair iter=10 core=0 dur=96s exit=0 retries=? wall=95.743084s  (valid=12/20)
[2026-05-21 20:58:39]   lvl3 / keypair iter=16 core=0 dur=7s exit=0 retries=? wall=6.795475s  (valid=13/20)
[2026-05-21 20:59:10]   lvl3 / keypair iter=14 core=3 dur=94s exit=0 retries=? wall=94.209047s  (valid=14/20)
[2026-05-21 20:59:23]   lvl3 / keypair iter=17 core=0 dur=43s exit=0 retries=? wall=43.564640s  (valid=15/20)
[2026-05-21 21:00:16]   lvl3 / keypair iter=18 core=3 dur=66s exit=0 retries=? wall=65.230091s  (valid=16/20)
[2026-05-21 21:00:44]   lvl3 / keypair iter=20 core=3 dur=28s exit=0 retries=? wall=28.089129s  (valid=17/20)
[2026-05-21 21:01:06]   lvl3 / keypair iter=13 core=2 dur=213s exit=0 retries=? wall=213.098257s  (valid=18/20)
[2026-05-21 21:01:58]   lvl3 / keypair iter=15 core=1 dur=230s exit=0 retries=? wall=229.842277s  (valid=19/20)
[2026-05-21 21:02:08]   lvl3 / keypair iter=19 core=0 dur=165s exit=0 retries=? wall=165.186109s  (valid=20/20)
[2026-05-21 21:03:47]   lvl3 / keypair iter=21 core=3 dur=183s exit=0 retries=? wall=182.766119s  (valid=21/20)
[2026-05-21 21:04:11]   lvl3 / keypair iter=22 core=2 dur=185s exit=0 retries=? wall=184.910465s  (valid=22/20)
[2026-05-21 21:04:21]   lvl3 / keypair iter=23 core=1 dur=143s exit=0 retries=? wall=143.012767s  (valid=23/20)
[2026-05-21 21:04:21] === lvl3 / keypair done: 23 valid / 23 attempts (parallel N=4)
[2026-05-21 21:04:21] === lvl3 / sign start (parallel N=4): target=20, hard_cap=300, per-iter timeout=1300s
[2026-05-21 21:07:05]   lvl3 / sign iter=4 core=3 dur=164s exit=0 retries=0 wall=83.787416s  (valid=1/20)
[2026-05-21 21:07:06]   lvl3 / sign iter=1 core=0 dur=165s exit=0 retries=0 wall=76.067952s  (valid=2/20)
[2026-05-21 21:08:31]   lvl3 / sign iter=2 core=1 dur=250s exit=0 retries=0 wall=75.672728s  (valid=3/20)
[2026-05-21 21:10:41]   lvl3 / sign iter=6 core=0 dur=215s exit=0 retries=0 wall=137.679897s  (valid=4/20)
[2026-05-21 21:11:46]   lvl3 / sign iter=7 core=1 dur=195s exit=0 retries=0 wall=81.449106s  (valid=5/20)
[2026-05-21 21:12:29]   lvl3 / sign iter=5 core=3 dur=324s exit=0 retries=0 wall=218.056738s  (valid=6/20)
[2026-05-21 21:14:02]   lvl3 / sign iter=3 core=2 dur=581s exit=0 retries=0 wall=398.461737s  (valid=7/20)
[2026-05-21 21:14:52]   lvl3 / sign iter=9 core=1 dur=186s exit=0 retries=0 wall=126.727426s  (valid=8/20)
[2026-05-21 21:15:24]   lvl3 / sign iter=8 core=0 dur=283s exit=0 retries=0 wall=192.786342s  (valid=9/20)
[2026-05-21 21:16:18]   lvl3 / sign iter=10 core=3 dur=229s exit=0 retries=0 wall=181.593420s  (valid=10/20)
[2026-05-21 21:16:25]   lvl3 / sign iter=11 core=2 dur=143s exit=0 retries=0 wall=118.768722s  (valid=11/20)
[2026-05-21 21:17:17]   lvl3 / sign iter=12 core=1 dur=145s exit=0 retries=0 wall=137.472646s  (valid=12/20)
[2026-05-21 21:19:05]   lvl3 / sign iter=14 core=3 dur=167s exit=0 retries=0 wall=131.815557s  (valid=13/20)
[2026-05-21 21:20:35]   lvl3 / sign iter=15 core=2 dur=250s exit=0 retries=0 wall=177.761506s  (valid=14/20)
[2026-05-21 21:23:35]   lvl3 / sign iter=16 core=1 dur=378s exit=0 retries=0 wall=227.454385s  (valid=15/20)
[2026-05-21 21:24:36]   lvl3 / sign iter=17 core=3 dur=331s exit=0 retries=0 wall=121.676828s  (valid=16/20)
[2026-05-21 21:24:43]   lvl3 / sign iter=13 core=0 dur=559s exit=0 retries=0 wall=466.257786s  (valid=17/20)
[2026-05-21 21:26:55]   lvl3 / sign iter=19 core=1 dur=200s exit=0 retries=0 wall=165.185868s  (valid=18/20)
[2026-05-21 21:26:58]   lvl3 / sign iter=18 core=2 dur=383s exit=0 retries=0 wall=290.477749s  (valid=19/20)
[2026-05-21 21:28:41]   lvl3 / sign iter=21 core=0 dur=238s exit=0 retries=0 wall=200.910230s  (valid=20/20)
[2026-05-21 21:29:13]   lvl3 / sign iter=22 core=1 dur=138s exit=0 retries=0 wall=64.108337s  (valid=21/20)
[2026-05-21 21:29:26]   lvl3 / sign iter=20 core=3 dur=290s exit=0 retries=0 wall=187.222966s  (valid=22/20)
[2026-05-21 21:32:12]   lvl3 / sign iter=23 core=2 dur=314s exit=0 retries=0 wall=239.679139s  (valid=23/20)
[2026-05-21 21:32:12] === lvl3 / sign done: 23 valid / 23 attempts (parallel N=4)
[2026-05-21 21:32:12] === lvl3 / verify start (parallel N=4): target=20, hard_cap=300, per-iter timeout=1300s
[2026-05-21 21:34:33]   lvl3 / verify iter=2 core=1 dur=141s exit=0 retries=0 wall=0.004690s  (valid=1/20)
[2026-05-21 21:35:18]   lvl3 / verify iter=4 core=3 dur=186s exit=0 retries=0 wall=0.004753s  (valid=2/20)
[2026-05-21 21:36:53]   lvl3 / verify iter=5 core=1 dur=140s exit=0 retries=0 wall=0.004732s  (valid=3/20)
[2026-05-21 21:37:39]   lvl3 / verify iter=1 core=0 dur=327s exit=0 retries=0 wall=0.004758s  (valid=4/20)
[2026-05-21 21:37:56]   lvl3 / verify iter=6 core=3 dur=158s exit=0 retries=0 wall=0.004778s  (valid=5/20)
[2026-05-21 21:38:56]   lvl3 / verify iter=3 core=2 dur=404s exit=0 retries=0 wall=0.009230s  (valid=6/20)
[2026-05-21 21:40:29]   lvl3 / verify iter=9 core=3 dur=153s exit=0 retries=0 wall=0.004748s  (valid=7/20)
[2026-05-21 21:41:30]   lvl3 / verify iter=7 core=1 dur=277s exit=0 retries=0 wall=0.004749s  (valid=8/20)
[2026-05-21 21:42:47]   lvl3 / verify iter=8 core=0 dur=308s exit=0 retries=0 wall=0.009137s  (valid=9/20)
[2026-05-21 21:42:58]   lvl3 / verify iter=10 core=2 dur=242s exit=0 retries=0 wall=0.004663s  (valid=10/20)
[2026-05-21 21:43:26]   lvl3 / verify iter=11 core=3 dur=177s exit=0 retries=0 wall=0.004752s  (valid=11/20)
[2026-05-21 21:44:04]   lvl3 / verify iter=13 core=0 dur=76s exit=0 retries=0 wall=0.004717s  (valid=12/20)
[2026-05-21 21:44:22]   lvl3 / verify iter=12 core=1 dur=172s exit=0 retries=0 wall=0.004751s  (valid=13/20)
[2026-05-21 21:45:40]   lvl3 / verify iter=15 core=3 dur=134s exit=0 retries=0 wall=0.004697s  (valid=14/20)
[2026-05-21 21:48:02]   lvl3 / verify iter=14 core=2 dur=304s exit=0 retries=0 wall=0.009033s  (valid=15/20)
[2026-05-21 21:49:17]   lvl3 / verify iter=17 core=1 dur=295s exit=0 retries=0 wall=0.004712s  (valid=16/20)
[2026-05-21 21:50:39]   lvl3 / verify iter=19 core=2 dur=157s exit=0 retries=0 wall=0.009198s  (valid=17/20)
[2026-05-21 21:50:52]   lvl3 / verify iter=18 core=3 dur=312s exit=0 retries=0 wall=0.009187s  (valid=18/20)
[2026-05-21 21:52:21]   lvl3 / verify iter=20 core=1 dur=184s exit=0 retries=0 wall=0.004711s  (valid=19/20)
[2026-05-21 21:53:46]   lvl3 / verify iter=16 core=0 dur=582s exit=0 retries=0 wall=0.004753s  (valid=20/20)
[2026-05-21 21:54:36]   lvl3 / verify iter=23 core=1 dur=135s exit=0 retries=0 wall=0.004620s  (valid=21/20)
[2026-05-21 21:54:46]   lvl3 / verify iter=22 core=3 dur=234s exit=0 retries=0 wall=0.004576s  (valid=22/20)
[2026-05-21 21:58:06]   lvl3 / verify iter=21 core=2 dur=447s exit=0 retries=0 wall=0.004416s  (valid=23/20)
[2026-05-21 21:58:06] === lvl3 / verify done: 23 valid / 23 attempts (parallel N=4)
[2026-05-21 21:58:06] ###### run_until20_parallel.sh end
