[2026-05-21 19:39:37] ###### run_until20_parallel.sh start
[2026-05-21 19:39:37]       REPO=/root/SQIsign-Fixed-Precision BUILD=/root/compact-SQIsign/build OUT=/root/sqisign-fp-bench/results_compare/ours/lvl1
[2026-05-21 19:39:37]       LEVELS=lvl1  PHASES=keypair sign verify  PARALLEL=4
[2026-05-21 19:39:37]       VALID_TARGET=20  HARD_ATTEMPT_CAP=200
[2026-05-21 19:39:37]       timeouts: lvl1=350s lvl3=1300s lvl5=2600s
[2026-05-21 19:39:37] === lvl1 / keypair start (parallel N=4): target=20, hard_cap=200, per-iter timeout=350s
[2026-05-21 19:39:39]   lvl1 / keypair iter=1 core=0 dur=2s exit=0 retries=? wall=1.442267s  (valid=1/20)
[2026-05-21 19:39:45]   lvl1 / keypair iter=2 core=1 dur=8s exit=0 retries=? wall=7.598596s  (valid=2/20)
[2026-05-21 19:39:46]   lvl1 / keypair iter=4 core=3 dur=9s exit=0 retries=? wall=8.247719s  (valid=3/20)
[2026-05-21 19:39:54]   lvl1 / keypair iter=6 core=1 dur=9s exit=0 retries=? wall=8.934283s  (valid=4/20)
[2026-05-21 19:40:00]   lvl1 / keypair iter=3 core=2 dur=23s exit=0 retries=? wall=22.730316s  (valid=5/20)
[2026-05-21 19:40:03]   lvl1 / keypair iter=7 core=3 dur=17s exit=0 retries=? wall=16.837399s  (valid=6/20)
[2026-05-21 19:40:08]   lvl1 / keypair iter=5 core=0 dur=29s exit=0 retries=? wall=28.974438s  (valid=7/20)
[2026-05-21 19:40:12]   lvl1 / keypair iter=8 core=1 dur=18s exit=0 retries=? wall=17.515540s  (valid=8/20)
[2026-05-21 19:40:16]   lvl1 / keypair iter=9 core=2 dur=16s exit=0 retries=? wall=15.326840s  (valid=9/20)
[2026-05-21 19:40:16]   lvl1 / keypair iter=11 core=0 dur=8s exit=0 retries=? wall=8.144073s  (valid=10/20)
[2026-05-21 19:40:24]   lvl1 / keypair iter=12 core=1 dur=12s exit=0 retries=? wall=12.159602s  (valid=11/20)
[2026-05-21 19:40:34]   lvl1 / keypair iter=15 core=1 dur=10s exit=0 retries=? wall=9.901484s  (valid=12/20)
[2026-05-21 19:40:34]   lvl1 / keypair iter=10 core=3 dur=31s exit=0 retries=? wall=31.444179s  (valid=13/20)
[2026-05-21 19:40:40]   lvl1 / keypair iter=13 core=2 dur=24s exit=0 retries=? wall=24.030914s  (valid=14/20)
[2026-05-21 19:40:42]   lvl1 / keypair iter=17 core=3 dur=8s exit=0 retries=? wall=7.580390s  (valid=15/20)
[2026-05-21 19:40:46]   lvl1 / keypair iter=14 core=0 dur=30s exit=0 retries=? wall=30.014105s  (valid=16/20)
[2026-05-21 19:40:48]   lvl1 / keypair iter=19 core=3 dur=6s exit=0 retries=? wall=6.024944s  (valid=17/20)
[2026-05-21 19:40:49]   lvl1 / keypair iter=18 core=2 dur=9s exit=0 retries=? wall=9.383263s  (valid=18/20)
[2026-05-21 19:40:57]   lvl1 / keypair iter=22 core=2 dur=8s exit=0 retries=? wall=8.092414s  (valid=19/20)
[2026-05-21 19:40:58]   lvl1 / keypair iter=21 core=3 dur=10s exit=0 retries=? wall=10.679638s  (valid=20/20)
[2026-05-21 19:41:04]   lvl1 / keypair iter=16 core=1 dur=30s exit=0 retries=? wall=30.504581s  (valid=21/20)
[2026-05-21 19:41:10]   lvl1 / keypair iter=20 core=0 dur=24s exit=0 retries=? wall=23.748177s  (valid=22/20)
[2026-05-21 19:41:15]   lvl1 / keypair iter=23 core=2 dur=18s exit=0 retries=? wall=18.200379s  (valid=23/20)
[2026-05-21 19:41:15] === lvl1 / keypair done: 23 valid / 23 attempts (parallel N=4)
[2026-05-21 19:41:15] === lvl1 / sign start (parallel N=4): target=20, hard_cap=200, per-iter timeout=350s
[2026-05-21 19:41:31]   lvl1 / sign iter=4 core=3 dur=16s exit=0 retries=0 wall=11.955344s  (valid=1/20)
[2026-05-21 19:41:44]   lvl1 / sign iter=1 core=0 dur=29s exit=0 retries=0 wall=22.378114s  (valid=2/20)
[2026-05-21 19:42:03]   lvl1 / sign iter=6 core=0 dur=19s exit=0 retries=0 wall=15.423638s  (valid=3/20)
[2026-05-21 19:42:07]   lvl1 / sign iter=3 core=2 dur=52s exit=0 retries=0 wall=35.723086s  (valid=4/20)
[2026-05-21 19:42:25]   lvl1 / sign iter=5 core=3 dur=54s exit=0 retries=0 wall=48.005510s  (valid=5/20)
[2026-05-21 19:42:35]   lvl1 / sign iter=2 core=1 dur=80s exit=0 retries=0 wall=31.005953s  (valid=6/20)
[2026-05-21 19:42:42]   lvl1 / sign iter=7 core=0 dur=39s exit=0 retries=0 wall=19.548753s  (valid=7/20)
[2026-05-21 19:42:49]   lvl1 / sign iter=8 core=2 dur=42s exit=0 retries=0 wall=34.172318s  (valid=8/20)
[2026-05-21 19:43:11]   lvl1 / sign iter=11 core=0 dur=29s exit=0 retries=0 wall=10.712901s  (valid=9/20)
