[2026-05-21 14:17:22] [meta] ###### run_compare.sh start (Ours lvl1 → KLKL25 lvl1 → Ours lvl3 → Ours lvl5 → KLKL25 lvl3 → KLKL25 lvl5)
[2026-05-21 14:17:22] [meta] >>> START  impl=ours  level=lvl1  out=/root/sqisign-fp-bench/results_compare/ours/lvl1  build=/root/compact-SQIsign/build
[2026-05-21 16:22:50] [meta] <<< DONE   impl=ours  level=lvl1  rc=0
[ours/lvl1] [2026-05-21 14:17:22] ###### run_until20.sh start (phase-separated)
[ours/lvl1] [2026-05-21 14:17:22]       REPO=/root/SQIsign-Fixed-Precision BUILD=/root/compact-SQIsign/build OUT=/root/sqisign-fp-bench/results_compare/ours/lvl1
[ours/lvl1] [2026-05-21 14:17:22]       LEVELS=lvl1  PHASES=keypair sign verify
[ours/lvl1] [2026-05-21 14:17:22]       VALID_TARGET=20  HARD_ATTEMPT_CAP=80
[ours/lvl1] [2026-05-21 14:17:22]       timeouts: lvl1=600s lvl3=3600s lvl5=7200s
[ours/lvl1] [2026-05-21 14:17:22]       cpu: Intel(R) Core(TM) i7-8700K CPU @ 3.70GHz
[ours/lvl1] [2026-05-21 14:17:22]       compiler: cc (Ubuntu 11.4.0-1ubuntu1~22.04.3) 11.4.0
[ours/lvl1] [2026-05-21 14:17:22]       kernel: 6.6.114.1-microsoft-standard-WSL2
[ours/lvl1] [2026-05-21 14:17:22] === lvl1 / keypair start: target=20, hard_cap=80, per-iter timeout=600s, pin=core 0
[ours/lvl1] [2026-05-21 14:18:04]   lvl1 / keypair iter=1 dur=42s exit=0 retries=? wall=41.965546s  (valid=1/20)
[ours/lvl1] [2026-05-21 14:18:59]   lvl1 / keypair iter=2 dur=55s exit=0 retries=? wall=55.230688s  (valid=2/20)
[ours/lvl1] [2026-05-21 14:19:12]   lvl1 / keypair iter=3 dur=13s exit=0 retries=? wall=12.332924s  (valid=3/20)
[ours/lvl1] [2026-05-21 14:20:23]   lvl1 / keypair iter=4 dur=71s exit=0 retries=? wall=71.035782s  (valid=4/20)
[ours/lvl1] [2026-05-21 14:22:09]   lvl1 / keypair iter=5 dur=106s exit=0 retries=? wall=105.623103s  (valid=5/20)
[ours/lvl1] [2026-05-21 14:22:45]   lvl1 / keypair iter=6 dur=36s exit=0 retries=? wall=36.079160s  (valid=6/20)
[ours/lvl1] [2026-05-21 14:24:54]   lvl1 / keypair iter=7 dur=129s exit=0 retries=? wall=129.104932s  (valid=7/20)
[ours/lvl1] [2026-05-21 14:25:41]   lvl1 / keypair iter=8 dur=47s exit=0 retries=? wall=47.326564s  (valid=8/20)
[ours/lvl1] [2026-05-21 14:27:58]   lvl1 / keypair iter=9 dur=137s exit=0 retries=? wall=136.466139s  (valid=9/20)
[ours/lvl1] [2026-05-21 14:28:32]   lvl1 / keypair iter=10 dur=34s exit=0 retries=? wall=34.294275s  (valid=10/20)
[ours/lvl1] [2026-05-21 14:29:26]   lvl1 / keypair iter=11 dur=54s exit=0 retries=? wall=53.622524s  (valid=11/20)
[ours/lvl1] [2026-05-21 14:29:38]   lvl1 / keypair iter=12 dur=12s exit=0 retries=? wall=12.655236s  (valid=12/20)
[ours/lvl1] [2026-05-21 14:30:01]   lvl1 / keypair iter=13 dur=23s exit=0 retries=? wall=22.935797s  (valid=13/20)
[ours/lvl1] [2026-05-21 14:31:29]   lvl1 / keypair iter=14 dur=88s exit=0 retries=? wall=87.664088s  (valid=14/20)
[ours/lvl1] [2026-05-21 14:32:13]   lvl1 / keypair iter=15 dur=44s exit=0 retries=? wall=43.836164s  (valid=15/20)
[ours/lvl1] [2026-05-21 14:33:13]   lvl1 / keypair iter=16 dur=60s exit=0 retries=? wall=60.289420s  (valid=16/20)
[ours/lvl1] [2026-05-21 14:33:57]   lvl1 / keypair iter=17 dur=44s exit=0 retries=? wall=44.281359s  (valid=17/20)
[ours/lvl1] [2026-05-21 14:34:27]   lvl1 / keypair iter=18 dur=30s exit=0 retries=? wall=29.826016s  (valid=18/20)
[ours/lvl1] [2026-05-21 14:34:39]   lvl1 / keypair iter=19 dur=12s exit=0 retries=? wall=11.517161s  (valid=19/20)
[ours/lvl1] [2026-05-21 14:35:52]   lvl1 / keypair iter=20 dur=73s exit=0 retries=? wall=72.941688s  (valid=20/20)
[ours/lvl1] [2026-05-21 14:35:52] === lvl1 / keypair done: 20 valid / 20 attempts
[ours/lvl1] [2026-05-21 14:35:52] === lvl1 / sign start: target=20, hard_cap=80, per-iter timeout=600s, pin=core 0
[ours/lvl1] [2026-05-21 14:38:07]   lvl1 / sign iter=1 dur=135s exit=0 retries=0 wall=61.599335s  (valid=1/20)
[ours/lvl1] [2026-05-21 14:43:08]   lvl1 / sign iter=2 dur=301s exit=0 retries=0 wall=209.972527s  (valid=2/20)
[ours/lvl1] [2026-05-21 14:47:38]   lvl1 / sign iter=3 dur=270s exit=0 retries=0 wall=243.588912s  (valid=3/20)
[ours/lvl1] [2026-05-21 14:50:46]   lvl1 / sign iter=4 dur=188s exit=0 retries=0 wall=66.287184s  (valid=4/20)
[ours/lvl1] [2026-05-21 14:52:29]   lvl1 / sign iter=5 dur=103s exit=0 retries=0 wall=87.360420s  (valid=5/20)
[ours/lvl1] [2026-05-21 14:55:17]   lvl1 / sign iter=6 dur=168s exit=0 retries=0 wall=67.250735s  (valid=6/20)
[ours/lvl1] [2026-05-21 14:57:17]   lvl1 / sign iter=7 dur=120s exit=0 retries=0 wall=104.614240s  (valid=7/20)
[ours/lvl1] [2026-05-21 15:01:32]   lvl1 / sign iter=8 dur=255s exit=0 retries=0 wall=71.286522s  (valid=8/20)
[ours/lvl1] [2026-05-21 15:03:48]   lvl1 / sign iter=9 dur=136s exit=0 retries=0 wall=111.479329s  (valid=9/20)
[ours/lvl1] [2026-05-21 15:07:57]   lvl1 / sign iter=10 dur=249s exit=0 retries=0 wall=148.091296s  (valid=10/20)
[ours/lvl1] [2026-05-21 15:09:23]   lvl1 / sign iter=11 dur=86s exit=0 retries=0 wall=62.472540s  (valid=11/20)
[ours/lvl1] [2026-05-21 15:11:41]   lvl1 / sign iter=12 dur=138s exit=0 retries=0 wall=100.972424s  (valid=12/20)
[ours/lvl1] [2026-05-21 15:14:25]   lvl1 / sign iter=13 dur=164s exit=0 retries=0 wall=146.276350s  (valid=13/20)
[ours/lvl1] [2026-05-21 15:19:14]   lvl1 / sign iter=14 dur=289s exit=0 retries=0 wall=187.366324s  (valid=14/20)
[ours/lvl1] [2026-05-21 15:20:17]   lvl1 / sign iter=15 dur=63s exit=0 retries=0 wall=57.429807s  (valid=15/20)
[ours/lvl1] [2026-05-21 15:22:34]   lvl1 / sign iter=16 dur=137s exit=0 retries=0 wall=83.676294s  (valid=16/20)
[ours/lvl1] [2026-05-21 15:25:06]   lvl1 / sign iter=17 dur=152s exit=0 retries=0 wall=119.774993s  (valid=17/20)
[ours/lvl1] [2026-05-21 15:26:33]   lvl1 / sign iter=18 dur=87s exit=0 retries=0 wall=78.639826s  (valid=18/20)
[ours/lvl1] [2026-05-21 15:28:44]   lvl1 / sign iter=19 dur=131s exit=0 retries=0 wall=100.748181s  (valid=19/20)
[ours/lvl1] [2026-05-21 15:31:29]   lvl1 / sign iter=20 dur=165s exit=0 retries=0 wall=86.465417s  (valid=20/20)
[ours/lvl1] [2026-05-21 15:31:29] === lvl1 / sign done: 20 valid / 20 attempts
[ours/lvl1] [2026-05-21 15:31:29] === lvl1 / verify start: target=20, hard_cap=80, per-iter timeout=600s, pin=core 0
[ours/lvl1] [2026-05-21 15:33:34]   lvl1 / verify iter=1 dur=125s exit=0 retries=0 wall=0.001504s  (valid=1/20)
[ours/lvl1] [2026-05-21 15:35:32]   lvl1 / verify iter=2 dur=118s exit=0 retries=0 wall=0.001437s  (valid=2/20)
[ours/lvl1] [2026-05-21 15:38:22]   lvl1 / verify iter=3 dur=170s exit=0 retries=0 wall=0.001462s  (valid=3/20)
[ours/lvl1] [2026-05-21 15:42:15]   lvl1 / verify iter=4 dur=233s exit=0 retries=0 wall=0.001416s  (valid=4/20)
[ours/lvl1] [2026-05-21 15:44:33]   lvl1 / verify iter=5 dur=137s exit=0 retries=0 wall=0.001455s  (valid=5/20)
[ours/lvl1] [2026-05-21 15:47:19]   lvl1 / verify iter=6 dur=166s exit=0 retries=0 wall=0.001448s  (valid=6/20)
[ours/lvl1] [2026-05-21 15:48:57]   lvl1 / verify iter=7 dur=98s exit=0 retries=0 wall=0.001455s  (valid=7/20)
[ours/lvl1] [2026-05-21 15:51:20]   lvl1 / verify iter=8 dur=143s exit=0 retries=0 wall=0.001428s  (valid=8/20)
[ours/lvl1] [2026-05-21 15:54:21]   lvl1 / verify iter=9 dur=181s exit=0 retries=0 wall=0.001416s  (valid=9/20)
[ours/lvl1] [2026-05-21 15:57:04]   lvl1 / verify iter=10 dur=163s exit=0 retries=0 wall=0.001440s  (valid=10/20)
[ours/lvl1] [2026-05-21 15:58:46]   lvl1 / verify iter=11 dur=102s exit=0 retries=0 wall=0.001458s  (valid=11/20)
[ours/lvl1] [2026-05-21 16:00:37]   lvl1 / verify iter=12 dur=111s exit=0 retries=0 wall=0.001430s  (valid=12/20)
[ours/lvl1] [2026-05-21 16:04:42]   lvl1 / verify iter=13 dur=244s exit=0 retries=0 wall=0.001425s  (valid=13/20)
[ours/lvl1] [2026-05-21 16:07:06]   lvl1 / verify iter=14 dur=144s exit=0 retries=0 wall=0.001455s  (valid=14/20)
[ours/lvl1] [2026-05-21 16:08:48]   lvl1 / verify iter=15 dur=102s exit=0 retries=0 wall=0.001446s  (valid=15/20)
[ours/lvl1] [2026-05-21 16:14:29]   lvl1 / verify iter=16 dur=341s exit=0 retries=0 wall=0.001481s  (valid=16/20)
[ours/lvl1] [2026-05-21 16:17:34]   lvl1 / verify iter=17 dur=185s exit=0 retries=0 wall=0.001476s  (valid=17/20)
[ours/lvl1] [2026-05-21 16:20:12]   lvl1 / verify iter=18 dur=158s exit=0 retries=0 wall=0.001493s  (valid=18/20)
[ours/lvl1] [2026-05-21 16:21:37]   lvl1 / verify iter=19 dur=85s exit=0 retries=0 wall=0.001475s  (valid=19/20)
[ours/lvl1] [2026-05-21 16:22:50]   lvl1 / verify iter=20 dur=73s exit=0 retries=0 wall=0.001481s  (valid=20/20)
[ours/lvl1] [2026-05-21 16:22:50] === lvl1 / verify done: 20 valid / 20 attempts
[ours/lvl1] [2026-05-21 16:22:50] ###### run_until20.sh end
[2026-05-21 16:22:50] [meta] >>> START  impl=klkl25  level=lvl1  out=/root/sqisign-fp-bench/results_compare/klkl25/lvl1  build=/root/SQIsign-Fixed-Precision/build
[2026-05-21 17:19:25] [meta] ###### run_compare.sh resume (skip Ours lvl1; KLKL25 lvl1 sign+verify only; then Ours lvl3/5; KLKL25 lvl3/5)
[2026-05-21 17:19:25] [meta]       defaults updated: TIMEOUT_LVL1=300s, TIMEOUT_LVL3=1800s, TIMEOUT_LVL5=3600s, HARD_ATTEMPT_CAP=200
[2026-05-21 17:19:25] [meta] >>> START  impl=klkl25  level=lvl1  phases=sign verify  out=/root/sqisign-fp-bench/results_compare/klkl25/lvl1  build=/root/SQIsign-Fixed-Precision/build
[2026-05-21 17:19:33] [meta] ###### run_compare.sh resume (skip Ours lvl1; KLKL25 lvl1 sign+verify only; then Ours lvl3/5; KLKL25 lvl3/5)
[2026-05-21 17:19:33] [meta]       defaults updated: TIMEOUT_LVL1=300s, TIMEOUT_LVL3=1800s, TIMEOUT_LVL5=3600s, HARD_ATTEMPT_CAP=200
[2026-05-21 17:19:33] [meta] >>> START  impl=klkl25  level=lvl1  phases=sign verify  out=/root/sqisign-fp-bench/results_compare/klkl25/lvl1  build=/root/SQIsign-Fixed-Precision/build
[2026-05-21 17:33:05] [meta] ###### run_compare.sh resume (Ours lvl1 @ paper bound 28-limb; KLKL25 lvl1 sign+verify only; then Ours lvl3/5; KLKL25 lvl3/5)
[2026-05-21 17:33:05] [meta]       defaults: TIMEOUT_LVL1=300s, TIMEOUT_LVL3=1800s, TIMEOUT_LVL5=3600s, HARD_ATTEMPT_CAP=200
[2026-05-21 17:33:05] [meta]       Ours uses paper bound IBZ_LIMBS_{lvl1=28, lvl3=43, lvl5=56}; 110-limb baseline preserved at ours/lvl1_110limb_OLD
[2026-05-21 17:33:05] [meta] >>> START  impl=ours  level=lvl1  phases=keypair sign verify  out=/root/sqisign-fp-bench/results_compare/ours/lvl1  build=/root/compact-SQIsign/build
[2026-05-21 18:07:13] [meta] <<< DONE   impl=ours  level=lvl1  rc=0
[ours/lvl1] [2026-05-21 17:33:05] ###### run_until20.sh start (phase-separated)
[ours/lvl1] [2026-05-21 17:33:05]       REPO=/root/SQIsign-Fixed-Precision BUILD=/root/compact-SQIsign/build OUT=/root/sqisign-fp-bench/results_compare/ours/lvl1
[ours/lvl1] [2026-05-21 17:33:05]       LEVELS=lvl1  PHASES=keypair sign verify
[ours/lvl1] [2026-05-21 17:33:05]       VALID_TARGET=20  HARD_ATTEMPT_CAP=200
[ours/lvl1] [2026-05-21 17:33:05]       timeouts: lvl1=300s lvl3=1800s lvl5=3600s
[ours/lvl1] [2026-05-21 17:33:05]       cpu: Intel(R) Core(TM) i7-8700K CPU @ 3.70GHz
[ours/lvl1] [2026-05-21 17:33:05]       compiler: cc (Ubuntu 11.4.0-1ubuntu1~22.04.3) 11.4.0
[ours/lvl1] [2026-05-21 17:33:05]       kernel: 6.6.114.1-microsoft-standard-WSL2
[ours/lvl1] [2026-05-21 17:33:05] === lvl1 / keypair start: target=20, hard_cap=200, per-iter timeout=300s, pin=core 0
[ours/lvl1] [2026-05-21 17:33:10]   lvl1 / keypair iter=1 dur=5s exit=0 retries=? wall=4.802848s  (valid=1/20)
[ours/lvl1] [2026-05-21 17:33:19]   lvl1 / keypair iter=2 dur=9s exit=0 retries=? wall=8.960487s  (valid=2/20)
[ours/lvl1] [2026-05-21 17:33:32]   lvl1 / keypair iter=3 dur=13s exit=0 retries=? wall=12.716865s  (valid=3/20)
[ours/lvl1] [2026-05-21 17:33:45]   lvl1 / keypair iter=4 dur=13s exit=0 retries=? wall=13.338453s  (valid=4/20)
[ours/lvl1] [2026-05-21 17:34:03]   lvl1 / keypair iter=5 dur=18s exit=0 retries=? wall=17.615389s  (valid=5/20)
[ours/lvl1] [2026-05-21 17:34:08]   lvl1 / keypair iter=6 dur=5s exit=0 retries=? wall=5.702727s  (valid=6/20)
[ours/lvl1] [2026-05-21 17:34:34]   lvl1 / keypair iter=7 dur=26s exit=0 retries=? wall=25.346326s  (valid=7/20)
[ours/lvl1] [2026-05-21 17:34:52]   lvl1 / keypair iter=8 dur=18s exit=0 retries=? wall=18.517804s  (valid=8/20)
[ours/lvl1] [2026-05-21 17:35:09]   lvl1 / keypair iter=9 dur=17s exit=0 retries=? wall=16.725982s  (valid=9/20)
[ours/lvl1] [2026-05-21 17:35:29]   lvl1 / keypair iter=10 dur=20s exit=0 retries=? wall=19.503415s  (valid=10/20)
[ours/lvl1] [2026-05-21 17:35:36]   lvl1 / keypair iter=11 dur=7s exit=0 retries=? wall=7.647255s  (valid=11/20)
[ours/lvl1] [2026-05-21 17:35:39]   lvl1 / keypair iter=12 dur=3s exit=0 retries=? wall=3.085241s  (valid=12/20)
[ours/lvl1] [2026-05-21 17:35:48]   lvl1 / keypair iter=13 dur=9s exit=0 retries=? wall=8.924332s  (valid=13/20)
[ours/lvl1] [2026-05-21 17:36:06]   lvl1 / keypair iter=14 dur=18s exit=0 retries=? wall=17.784672s  (valid=14/20)
[ours/lvl1] [2026-05-21 17:36:30]   lvl1 / keypair iter=15 dur=24s exit=0 retries=? wall=23.530272s  (valid=15/20)
[ours/lvl1] [2026-05-21 17:36:33]   lvl1 / keypair iter=16 dur=3s exit=0 retries=? wall=3.764018s  (valid=16/20)
[ours/lvl1] [2026-05-21 17:36:38]   lvl1 / keypair iter=17 dur=5s exit=0 retries=? wall=4.834036s  (valid=17/20)
[ours/lvl1] [2026-05-21 17:36:42]   lvl1 / keypair iter=18 dur=4s exit=0 retries=? wall=3.685341s  (valid=18/20)
[ours/lvl1] [2026-05-21 17:36:48]   lvl1 / keypair iter=19 dur=6s exit=0 retries=? wall=6.445926s  (valid=19/20)
[ours/lvl1] [2026-05-21 17:36:57]   lvl1 / keypair iter=20 dur=9s exit=0 retries=? wall=8.242095s  (valid=20/20)
[ours/lvl1] [2026-05-21 17:36:57] === lvl1 / keypair done: 20 valid / 20 attempts
[ours/lvl1] [2026-05-21 17:36:57] === lvl1 / sign start: target=20, hard_cap=200, per-iter timeout=300s, pin=core 0
[ours/lvl1] [2026-05-21 17:37:47]   lvl1 / sign iter=1 dur=50s exit=0 retries=0 wall=16.858659s  (valid=1/20)
[ours/lvl1] [2026-05-21 17:38:27]   lvl1 / sign iter=2 dur=40s exit=0 retries=0 wall=22.112251s  (valid=2/20)
[ours/lvl1] [2026-05-21 17:39:07]   lvl1 / sign iter=3 dur=40s exit=0 retries=0 wall=14.829029s  (valid=3/20)
[ours/lvl1] [2026-05-21 17:39:40]   lvl1 / sign iter=4 dur=33s exit=0 retries=0 wall=23.791848s  (valid=4/20)
[ours/lvl1] [2026-05-21 17:40:20]   lvl1 / sign iter=5 dur=40s exit=0 retries=0 wall=22.179023s  (valid=5/20)
[ours/lvl1] [2026-05-21 17:41:18]   lvl1 / sign iter=6 dur=58s exit=0 retries=0 wall=39.839919s  (valid=6/20)
[ours/lvl1] [2026-05-21 17:42:15]   lvl1 / sign iter=7 dur=57s exit=0 retries=0 wall=54.973244s  (valid=7/20)
[ours/lvl1] [2026-05-21 17:42:51]   lvl1 / sign iter=8 dur=36s exit=0 retries=0 wall=23.032595s  (valid=8/20)
[ours/lvl1] [2026-05-21 17:43:55]   lvl1 / sign iter=9 dur=64s exit=0 retries=0 wall=48.554913s  (valid=9/20)
[ours/lvl1] [2026-05-21 17:44:28]   lvl1 / sign iter=10 dur=33s exit=0 retries=0 wall=20.484205s  (valid=10/20)
[ours/lvl1] [2026-05-21 17:45:03]   lvl1 / sign iter=11 dur=35s exit=0 retries=0 wall=24.878795s  (valid=11/20)
[ours/lvl1] [2026-05-21 17:45:46]   lvl1 / sign iter=12 dur=43s exit=0 retries=0 wall=30.339652s  (valid=12/20)
[ours/lvl1] [2026-05-21 17:46:25]   lvl1 / sign iter=13 dur=39s exit=0 retries=0 wall=31.292443s  (valid=13/20)
[ours/lvl1] [2026-05-21 17:46:54]   lvl1 / sign iter=14 dur=29s exit=0 retries=0 wall=23.154473s  (valid=14/20)
[ours/lvl1] [2026-05-21 17:47:59]   lvl1 / sign iter=15 dur=65s exit=0 retries=0 wall=47.221270s  (valid=15/20)
[ours/lvl1] [2026-05-21 17:48:59]   lvl1 / sign iter=16 dur=60s exit=0 retries=0 wall=25.038386s  (valid=16/20)
[ours/lvl1] [2026-05-21 17:49:42]   lvl1 / sign iter=17 dur=43s exit=0 retries=0 wall=33.175619s  (valid=17/20)
[ours/lvl1] [2026-05-21 17:50:23]   lvl1 / sign iter=18 dur=41s exit=0 retries=0 wall=36.263831s  (valid=18/20)
[ours/lvl1] [2026-05-21 17:51:02]   lvl1 / sign iter=19 dur=39s exit=0 retries=0 wall=35.240889s  (valid=19/20)
[ours/lvl1] [2026-05-21 17:51:45]   lvl1 / sign iter=20 dur=43s exit=0 retries=0 wall=38.418509s  (valid=20/20)
[ours/lvl1] [2026-05-21 17:51:45] === lvl1 / sign done: 20 valid / 20 attempts
[ours/lvl1] [2026-05-21 17:51:45] === lvl1 / verify start: target=20, hard_cap=200, per-iter timeout=300s, pin=core 0
[ours/lvl1] [2026-05-21 17:52:10]   lvl1 / verify iter=1 dur=25s exit=0 retries=0 wall=0.001758s  (valid=1/20)
[ours/lvl1] [2026-05-21 17:52:38]   lvl1 / verify iter=2 dur=28s exit=0 retries=0 wall=0.001431s  (valid=2/20)
[ours/lvl1] [2026-05-21 17:53:51]   lvl1 / verify iter=3 dur=73s exit=0 retries=0 wall=0.001489s  (valid=3/20)
[ours/lvl1] [2026-05-21 17:54:51]   lvl1 / verify iter=4 dur=60s exit=0 retries=0 wall=0.001463s  (valid=4/20)
[ours/lvl1] [2026-05-21 17:55:28]   lvl1 / verify iter=5 dur=37s exit=0 retries=0 wall=0.001453s  (valid=5/20)
[ours/lvl1] [2026-05-21 17:56:21]   lvl1 / verify iter=6 dur=53s exit=0 retries=0 wall=0.001470s  (valid=6/20)
[ours/lvl1] [2026-05-21 17:57:56]   lvl1 / verify iter=7 dur=95s exit=0 retries=0 wall=0.001505s  (valid=7/20)
[ours/lvl1] [2026-05-21 17:58:25]   lvl1 / verify iter=8 dur=29s exit=0 retries=0 wall=0.001481s  (valid=8/20)
[ours/lvl1] [2026-05-21 17:58:53]   lvl1 / verify iter=9 dur=28s exit=0 retries=0 wall=0.001457s  (valid=9/20)
[ours/lvl1] [2026-05-21 17:59:18]   lvl1 / verify iter=10 dur=25s exit=0 retries=0 wall=0.002040s  (valid=10/20)
[ours/lvl1] [2026-05-21 18:00:17]   lvl1 / verify iter=11 dur=59s exit=0 retries=0 wall=0.001446s  (valid=11/20)
[ours/lvl1] [2026-05-21 18:01:26]   lvl1 / verify iter=12 dur=69s exit=0 retries=0 wall=0.001468s  (valid=12/20)
[ours/lvl1] [2026-05-21 18:01:57]   lvl1 / verify iter=13 dur=30s exit=0 retries=0 wall=0.001596s  (valid=13/20)
[ours/lvl1] [2026-05-21 18:03:11]   lvl1 / verify iter=14 dur=74s exit=0 retries=0 wall=0.001480s  (valid=14/20)
[ours/lvl1] [2026-05-21 18:03:56]   lvl1 / verify iter=15 dur=45s exit=0 retries=0 wall=0.001498s  (valid=15/20)
[ours/lvl1] [2026-05-21 18:04:23]   lvl1 / verify iter=16 dur=27s exit=0 retries=0 wall=0.001453s  (valid=16/20)
[ours/lvl1] [2026-05-21 18:05:20]   lvl1 / verify iter=17 dur=57s exit=0 retries=0 wall=0.001500s  (valid=17/20)
[ours/lvl1] [2026-05-21 18:05:54]   lvl1 / verify iter=18 dur=34s exit=0 retries=0 wall=0.001646s  (valid=18/20)
[ours/lvl1] [2026-05-21 18:06:35]   lvl1 / verify iter=19 dur=41s exit=0 retries=0 wall=0.001510s  (valid=19/20)
[ours/lvl1] [2026-05-21 18:07:13]   lvl1 / verify iter=20 dur=38s exit=0 retries=0 wall=0.001469s  (valid=20/20)
[ours/lvl1] [2026-05-21 18:07:13] === lvl1 / verify done: 20 valid / 20 attempts
[ours/lvl1] [2026-05-21 18:07:13] ###### run_until20.sh end
[2026-05-21 18:07:13] [meta] >>> START  impl=klkl25  level=lvl1  phases=sign verify  out=/root/sqisign-fp-bench/results_compare/klkl25/lvl1  build=/root/SQIsign-Fixed-Precision/build
