[2026-05-22 00:38:52] ###### run_until20_parallel.sh start
[2026-05-22 00:38:52]       REPO=/root/SQIsign-Fixed-Precision BUILD=/root/SQIsign-Fixed-Precision/build OUT=/root/sqisign-fp-bench/results_compare/klkl25/lvl3
[2026-05-22 00:38:52]       LEVELS=lvl3  PHASES=keypair sign verify  PARALLEL=4
[2026-05-22 00:38:52]       VALID_TARGET=20  HARD_ATTEMPT_CAP=300
[2026-05-22 00:38:52]       timeouts: lvl1=350s lvl3=1300s lvl5=2600s
[2026-05-22 00:38:52] === lvl3 / keypair start (parallel N=4): target=20, hard_cap=300, per-iter timeout=1300s
[2026-05-22 00:39:52]   lvl3 / keypair iter=2 core=1 dur=60s exit=0 retries=? wall=59.539048s  (valid=1/20)
[2026-05-22 00:40:09]   lvl3 / keypair iter=1 core=0 dur=77s exit=0 retries=? wall=76.999341s  (valid=2/20)
[2026-05-22 00:41:32]   lvl3 / keypair iter=4 core=2 dur=160s exit=0 retries=? wall=160.033872s  (valid=3/20)
[2026-05-22 00:41:46]   lvl3 / keypair iter=5 core=1 dur=114s exit=0 retries=? wall=114.313031s  (valid=4/20)
[2026-05-22 00:42:10]   lvl3 / keypair iter=8 core=1 dur=24s exit=0 retries=? wall=23.296097s  (valid=5/20)
[2026-05-22 00:42:42]   lvl3 / keypair iter=7 core=2 dur=70s exit=0 retries=? wall=69.289166s  (valid=6/20)
[2026-05-22 00:42:48]   lvl3 / keypair iter=3 core=3 dur=236s exit=0 retries=? wall=235.846167s  (valid=7/20)
[2026-05-22 00:43:16]   lvl3 / keypair iter=11 core=3 dur=28s exit=0 retries=? wall=27.274092s  (valid=8/20)
[2026-05-22 00:43:59]   lvl3 / keypair iter=10 core=2 dur=77s exit=0 retries=? wall=77.034294s  (valid=9/20)
[2026-05-22 00:44:39]   lvl3 / keypair iter=12 core=3 dur=83s exit=0 retries=? wall=83.647360s  (valid=10/20)
[2026-05-22 00:44:55]   lvl3 / keypair iter=13 core=2 dur=56s exit=0 retries=? wall=56.039928s  (valid=11/20)
[2026-05-22 00:45:02]   lvl3 / keypair iter=14 core=3 dur=23s exit=0 retries=? wall=22.358352s  (valid=12/20)
[2026-05-22 00:45:05]   lvl3 / keypair iter=9 core=1 dur=175s exit=0 retries=? wall=175.498253s  (valid=13/20)
[2026-05-22 00:45:07]   lvl3 / keypair iter=6 core=0 dur=298s exit=0 retries=? wall=297.194945s  (valid=14/20)
[2026-05-22 00:45:47]   lvl3 / keypair iter=16 core=3 dur=45s exit=0 retries=? wall=45.138945s  (valid=15/20)
[2026-05-22 00:46:08]   lvl3 / keypair iter=19 core=3 dur=21s exit=0 retries=? wall=21.032180s  (valid=16/20)
[2026-05-22 00:47:18]   lvl3 / keypair iter=15 core=2 dur=143s exit=0 retries=? wall=143.354744s  (valid=17/20)
[2026-05-22 00:47:46]   lvl3 / keypair iter=18 core=0 dur=159s exit=0 retries=? wall=158.860679s  (valid=18/20)
[2026-05-22 00:47:53]   lvl3 / keypair iter=20 core=3 dur=105s exit=0 retries=? wall=105.522991s  (valid=19/20)
[2026-05-22 00:48:24]   lvl3 / keypair iter=22 core=0 dur=38s exit=0 retries=? wall=38.007216s  (valid=20/20)
[2026-05-22 00:48:25]   lvl3 / keypair iter=17 core=1 dur=200s exit=0 retries=? wall=200.189761s  (valid=21/20)
[2026-05-22 00:48:47]   lvl3 / keypair iter=21 core=2 dur=89s exit=0 retries=? wall=88.414159s  (valid=22/20)
[2026-05-22 00:50:56]   lvl3 / keypair iter=23 core=3 dur=183s exit=0 retries=? wall=182.350083s  (valid=23/20)
[2026-05-22 00:50:56] === lvl3 / keypair done: 23 valid / 23 attempts (parallel N=4)
[2026-05-22 00:50:56] === lvl3 / sign start (parallel N=4): target=20, hard_cap=300, per-iter timeout=1300s
[2026-05-22 00:56:26]   lvl3 / sign iter=4 core=3 dur=330s exit=0 retries=1 wall=228.649639s  (valid=1/20)
[2026-05-22 01:00:12]   lvl3 / sign iter=3 core=2 dur=556s exit=0 retries=3 wall=484.128233s  (valid=2/20)
[2026-05-22 01:02:23]   lvl3 / sign iter=5 core=3 dur=357s exit=0 retries=1 wall=267.207491s  (valid=3/20)
[2026-05-22 01:12:36]   lvl3 / sign iter=1 core=0 dur=1300s exit=124 — not counted
[2026-05-22 01:12:36]   lvl3 / sign iter=2 core=1 dur=1300s exit=124 — not counted
[2026-05-22 01:13:04]   lvl3 / sign iter=6 core=2 dur=772s exit=0 retries=5 wall=679.815072s  (valid=4/20)
[2026-05-22 01:24:03]   lvl3 / sign iter=7 core=3 dur=1300s exit=124 — not counted
[2026-05-22 01:32:44]   lvl3 / sign iter=11 core=3 dur=521s exit=0 retries=1 wall=483.844592s  (valid=5/20)
[2026-05-22 01:34:16]   lvl3 / sign iter=8 core=0 dur=1300s exit=124 — not counted
[2026-05-22 01:34:16]   lvl3 / sign iter=9 core=1 dur=1300s exit=124 — not counted
[2026-05-22 01:34:44]   lvl3 / sign iter=10 core=2 dur=1300s exit=124 — not counted
[2026-05-22 01:41:59]   lvl3 / sign iter=12 core=3 dur=555s exit=0 retries=2 wall=405.995862s  (valid=6/20)
[2026-05-22 01:42:55]   lvl3 / sign iter=15 core=2 dur=491s exit=0 retries=0 wall=304.671569s  (valid=7/20)
[2026-05-22 01:47:46]   lvl3 / sign iter=13 core=0 dur=810s exit=0 retries=4 wall=628.155696s  (valid=8/20)
[2026-05-22 01:50:31]   lvl3 / sign iter=17 core=2 dur=456s exit=0 retries=3 wall=398.835710s  (valid=9/20)
[2026-05-22 01:55:56]   lvl3 / sign iter=14 core=1 dur=1300s exit=124 — not counted
[2026-05-22 01:59:02]   lvl3 / sign iter=18 core=0 dur=676s exit=0 retries=3 wall=482.262853s  (valid=10/20)
[2026-05-22 02:03:06]   lvl3 / sign iter=20 core=1 dur=430s exit=0 retries=3 wall=355.983482s  (valid=11/20)
[2026-05-22 02:03:39]   lvl3 / sign iter=16 core=3 dur=1300s exit=124 — not counted
[2026-05-22 02:09:08]   lvl3 / sign iter=22 core=1 dur=362s exit=0 retries=0 wall=308.527698s  (valid=12/20)
[2026-05-22 02:12:11]   lvl3 / sign iter=19 core=2 dur=1300s exit=124 — not counted
[2026-05-22 02:20:42]   lvl3 / sign iter=21 core=0 dur=1300s exit=124 — not counted
[2026-05-22 02:20:53]   lvl3 / sign iter=25 core=2 dur=522s exit=0 retries=0 wall=281.671751s  (valid=13/20)
[2026-05-22 02:25:19]   lvl3 / sign iter=23 core=3 dur=1300s exit=124 — not counted
[2026-05-22 02:27:53]   lvl3 / sign iter=27 core=2 dur=420s exit=0 retries=0 wall=89.947025s  (valid=14/20)
[2026-05-22 02:30:08]   lvl3 / sign iter=28 core=3 dur=289s exit=0 retries=0 wall=227.553405s  (valid=15/20)
[2026-05-22 02:30:48]   lvl3 / sign iter=24 core=1 dur=1300s exit=124 — not counted
[2026-05-22 02:42:22]   lvl3 / sign iter=26 core=0 dur=1300s exit=124 — not counted
