=== EXIT=124
--- log ---
[sigdbg] norm done norm_d_is_one=1
[sigdbg] div1 done remain_is_zero=1
[sigdbg] two_adic=0
[sigdbg] div2 done remain_is_zero=1
[sigdbg] before lideal_create
[sigdbg] lideal_create done
[sigdbg] norm done norm_d_is_one=1
[sigdbg] div1 done remain_is_zero=1
[sigdbg] two_adic=3
[sigdbg] div2 done remain_is_zero=1
[sigdbg] before lideal_create
[sigdbg] lideal_create done
[sigdbg] norm done norm_d_is_one=0
[sigdbg] div1 done remain_is_zero=1
[sigdbg] two_adic=128
[sigdbg] div2 done remain_is_zero=1
[sigdbg] before lideal_create
[sigdbg] lideal_create done
[sigdbg] norm done norm_d_is_one=0
[sigdbg] div1 done remain_is_zero=1
[sigdbg] two_adic=128
[sigdbg] div2 done remain_is_zero=1
[sigdbg] before lideal_create
[sigdbg] lideal_create done
[sigdbg] norm done norm_d_is_one=0
[sigdbg] div1 done remain_is_zero=1
[sigdbg] two_adic=128
[sigdbg] div2 done remain_is_zero=1
[sigdbg] before lideal_create
[sigdbg] lideal_create done
[sigdbg] norm done norm_d_is_one=0
[sigdbg] div1 done remain_is_zero=1
[sigdbg] two_adic=128
[sigdbg] div2 done remain_is_zero=1
[sigdbg] before lideal_create
[sigdbg] lideal_create done
[sigdbg] norm done norm_d_is_one=0
[sigdbg] div1 done remain_is_zero=1
[sigdbg] two_adic=128
[sigdbg] div2 done remain_is_zero=1
[sigdbg] before lideal_create
[sigdbg] lideal_create done
[sigdbg] norm done norm_d_is_one=0
[sigdbg] div1 done remain_is_zero=1
[sigdbg] two_adic=128
[sigdbg] div2 done remain_is_zero=1
[sigdbg] before lideal_create
[sigdbg] lideal_create done
[sigdbg] norm done norm_d_is_one=0
[sigdbg] div1 done remain_is_zero=1
[sigdbg] two_adic=128
[sigdbg] div2 done remain_is_zero=1
[sigdbg] before lideal_create
[sigdbg] lideal_create done
[sigdbg] norm done norm_d_is_one=0
[sigdbg] div1 done remain_is_zero=1
[sigdbg] two_adic=128
[sigdbg] div2 done remain_is_zero=1
[sigdbg] before lideal_create
[sigdbg] lideal_create done
[sigdbg] norm done norm_d_is_one=0
[sigdbg] div1 done remain_is_zero=1
[sigdbg] two_adic=128
[sigdbg] div2 done remain_is_zero=1
[sigdbg] before lideal_create
[sigdbg] lideal_create done
[sigdbg] norm done norm_d_is_one=0
[sigdbg] div1 done remain_is_zero=1
[sigdbg] two_adic=128
[sigdbg] div2 done remain_is_zero=1
[sigdbg] before lideal_create
[sigdbg] lideal_create done
[sigdbg] norm done norm_d_is_one=0
[sigdbg] div1 done remain_is_zero=1
[sigdbg] two_adic=128
[sigdbg] div2 done remain_is_zero=1
[sigdbg] before lideal_create
[sigdbg] lideal_create done
[sigdbg] norm done norm_d_is_one=0
[sigdbg] div1 done remain_is_zero=1
[sigdbg] two_adic=128
[sigdbg] div2 done remain_is_zero=1
[sigdbg] before lideal_create
[sigdbg] lideal_create done
